[     716ms] [INFO] %cDownload the React DevTools for a better development experience: https://react.dev/link/react-devtools font-weight:bold @ http://localhost:3001/_next/static/chunks/node_modules_next_dist_1e8vcs8._.js:776
[     808ms] [LOG] [HMR] connected @ http://localhost:3001/_next/static/chunks/node_modules_next_dist_1e8vcs8._.js:776
[    1504ms] TypeError: Failed to execute 'animate' on 'Element': Offsets must be monotonically non-decreasing.
    at startWaapiAnimation (http://localhost:3001/_next/static/chunks/node_modules_07ru_ns._.js:7641:20)
    at new NativeAnimation (http://localhost:3001/_next/static/chunks/node_modules_07ru_ns._.js:5528:250)
    at HTMLVisualElement.bindToMotionValue (http://localhost:3001/_next/static/chunks/node_modules_07ru_ns._.js:11204:31)
    at HTMLVisualElement.addValue (http://localhost:3001/_next/static/chunks/node_modules_07ru_ns._.js:11355:18)
    at updateMotionValuesFromProps (http://localhost:3001/_next/static/chunks/node_modules_07ru_ns._.js:12733:25)
    at HTMLVisualElement.update (http://localhost:3001/_next/static/chunks/node_modules_07ru_ns._.js:11315:251)
    at HTMLVisualElement.mount (http://localhost:3001/_next/static/chunks/node_modules_07ru_ns._.js:11166:14)
    at HTMLVisualElement.mount (http://localhost:3001/_next/static/chunks/node_modules_07ru_ns._.js:11675:15)
    at useMotionRef.useCallback (http://localhost:3001/_next/static/chunks/node_modules_07ru_ns._.js:2752:42)
    at commitAttachRef (http://localhost:3001/_next/static/chunks/node_modules_next_dist_compiled_react-dom_096_9a-._.js:7181:63)
    at runWithFiberInDEV (http://localhost:3001/_next/static/chunks/node_modules_next_dist_compiled_react-dom_096_9a-._.js:761:74)
    at safelyAttachRef (http://localhost:3001/_next/static/chunks/node_modules_next_dist_compiled_react-dom_096_9a-._.js:7191:13)
    at commitLayoutEffectOnFiber (http://localhost:3001/_next/static/chunks/node_modules_next_dist_compiled_react-dom_096_9a-._.js:7730:32)
    at recursivelyTraverseLayoutEffects (http://localhost:3001/_next/static/chunks/node_modules_next_dist_compiled_react-dom_096_9a-._.js:8360:105)
    at commitLayoutEffectOnFiber (http://localhost:3001/_next/static/chunks/node_modules_next_dist_compiled_react-dom_096_9a-._.js:7774:17)
    at recursivelyTraverseLayoutEffects (http://localhost:3001/_next/static/chunks/node_modules_next_dist_compiled_react-dom_096_9a-._.js:8360:105)
    at commitLayoutEffectOnFiber (http://localhost:3001/_next/static/chunks/node_modules_next_dist_compiled_react-dom_096_9a-._.js:7676:17)
    at recursivelyTraverseLayoutEffects (http://localhost:3001/_next/static/chunks/node_modules_next_dist_compiled_react-dom_096_9a-._.js:8360:105)
    at commitLayoutEffectOnFiber (http://localhost:3001/_next/static/chunks/node_modules_next_dist_compiled_react-dom_096_9a-._.js:7676:17)
    at recursivelyTraverseLayoutEffects (http://localhost:3001/_next/static/chunks/node_modules_next_dist_compiled_react-dom_096_9a-._.js:8360:105)
    at commitLayoutEffectOnFiber (http://localhost:3001/_next/static/chunks/node_modules_next_dist_compiled_react-dom_096_9a-._.js:7716:17)
    at recursivelyTraverseLayoutEffects (http://localhost:3001/_next/static/chunks/node_modules_next_dist_compiled_react-dom_096_9a-._.js:8360:105)
    at commitLayoutEffectOnFiber (http://localhost:3001/_next/static/chunks/node_modules_next_dist_compiled_react-dom_096_9a-._.js:7774:17)
    at recursivelyTraverseLayoutEffects (http://localhost:3001/_next/static/chunks/node_modules_next_dist_compiled_react-dom_096_9a-._.js:8360:105)
    at commitLayoutEffectOnFiber (http://localhost:3001/_next/static/chunks/node_modules_next_dist_compiled_react-dom_096_9a-._.js:7716:17)
    at recursivelyTraverseLayoutEffects (http://localhost:3001/_next/static/chunks/node_modules_next_dist_compiled_react-dom_096_9a-._.js:8360:105)
    at commitLayoutEffectOnFiber (http://localhost:3001/_next/static/chunks/node_modules_next_dist_compiled_react-dom_096_9a-._.js:7774:17)
    at recursivelyTraverseLayoutEffects (http://localhost:3001/_next/static/chunks/node_modules_next_dist_compiled_react-dom_096_9a-._.js:8360:105)
    at commitLayoutEffectOnFiber (http://localhost:3001/_next/static/chunks/node_modules_next_dist_compiled_react-dom_096_9a-._.js:7676:17)
    at recursivelyTraverseLayoutEffects (http://localhost:3001/_next/static/chunks/node_modules_next_dist_compiled_react-dom_096_9a-._.js:8360:105)
    at commitLayoutEffectOnFiber (http://localhost:3001/_next/static/chunks/node_modules_next_dist_compiled_react-dom_096_9a-._.js:7676:17)
    at recursivelyTraverseLayoutEffects (http://localhost:3001/_next/static/chunks/node_modules_next_dist_compiled_react-dom_096_9a-._.js:8360:105)
    at commitLayoutEffectOnFiber (http://localhost:3001/_next/static/chunks/node_modules_next_dist_compiled_react-dom_096_9a-._.js:7676:17)
    at recursivelyTraverseLayoutEffects (http://localhost:3001/_next/static/chunks/node_modules_next_dist_compiled_react-dom_096_9a-._.js:8360:105)
    at commitLayoutEffectOnFiber (http://localhost:3001/_next/static/chunks/node_modules_next_dist_compiled_react-dom_096_9a-._.js:7774:17)
    at recursivelyTraverseLayoutEffects (http://localhost:3001/_next/static/chunks/node_modules_next_dist_compiled_react-dom_096_9a-._.js:8360:105)
    at commitLayoutEffectOnFiber (http://localhost:3001/_next/static/chunks/node_modules_next_dist_compiled_react-dom_096_9a-._.js:7774:17)
    at recursivelyTraverseLayoutEffects (http://localhost:3001/_next/static/chunks/node_modules_next_dist_compiled_react-dom_096_9a-._.js:8360:105)
    at commitLayoutEffectOnFiber (http://localhost:3001/_next/static/chunks/node_modules_next_dist_compiled_react-dom_096_9a-._.js:7676:17)
    at recursivelyTraverseLayoutEffects (http://localhost:3001/_next/static/chunks/node_modules_next_dist_compiled_react-dom_096_9a-._.js:8360:105)
    at commitLayoutEffectOnFiber (http://localhost:3001/_next/static/chunks/node_modules_next_dist_compiled_react-dom_096_9a-._.js:7680:17)
    at recursivelyTraverseLayoutEffects (http://localhost:3001/_next/static/chunks/node_modules_next_dist_compiled_react-dom_096_9a-._.js:8360:105)
    at commitLayoutEffectOnFiber (http://localhost:3001/_next/static/chunks/node_modules_next_dist_compiled_react-dom_096_9a-._.js:7676:17)
    at recursivelyTraverseLayoutEffects (http://localhost:3001/_next/static/chunks/node_modules_next_dist_compiled_react-dom_096_9a-._.js:8360:105)
    at commitLayoutEffectOnFiber (http://localhost:3001/_next/static/chunks/node_modules_next_dist_compiled_react-dom_096_9a-._.js:7680:17)
    at recursivelyTraverseLayoutEffects (http://localhost:3001/_next/static/chunks/node_modules_next_dist_compiled_react-dom_096_9a-._.js:8360:105)
    at commitLayoutEffectOnFiber (http://localhost:3001/_next/static/chunks/node_modules_next_dist_compiled_react-dom_096_9a-._.js:7676:17)
    at recursivelyTraverseLayoutEffects (http://localhost:3001/_next/static/chunks/node_modules_next_dist_compiled_react-dom_096_9a-._.js:8360:105)
    at commitLayoutEffectOnFiber (http://localhost:3001/_next/static/chunks/node_modules_next_dist_compiled_react-dom_096_9a-._.js:7676:17)
    at recursivelyTraverseLayoutEffects (http://localhost:3001/_next/static/chunks/node_modules_next_dist_compiled_react-dom_096_9a-._.js:8360:105)
[   22792ms] [LOG] [Fast Refresh] rebuilding @ http://localhost:3001/_next/static/chunks/node_modules_next_dist_1e8vcs8._.js:776
[   22804ms] [WARNING] [Fast Refresh] performing full reload because your application had an unrecoverable error @ http://localhost:3001/_next/static/chunks/node_modules_next_dist_1e8vcs8._.js:776
[   22846ms] [LOG] [Fast Refresh] done in 100ms @ http://localhost:3001/_next/static/chunks/node_modules_next_dist_1e8vcs8._.js:776
[   22862ms] [LOG] [Fast Refresh] done in 100ms @ http://localhost:3001/_next/static/chunks/node_modules_next_dist_1e8vcs8._.js:776
[   23526ms] [INFO] %cDownload the React DevTools for a better development experience: https://react.dev/link/react-devtools font-weight:bold @ http://localhost:3001/_next/static/chunks/node_modules_next_dist_1e8vcs8._.js:776
[   23607ms] [LOG] [HMR] connected @ http://localhost:3001/_next/static/chunks/node_modules_next_dist_1e8vcs8._.js:776
[  366789ms] [LOG] [Fast Refresh] rebuilding @ http://localhost:3001/_next/static/chunks/node_modules_next_dist_1e8vcs8._.js:776
[  367641ms] [LOG] [Fast Refresh] done in 854ms @ http://localhost:3001/_next/static/chunks/node_modules_next_dist_1e8vcs8._.js:776
[  376456ms] [LOG] [Fast Refresh] rebuilding @ http://localhost:3001/_next/static/chunks/node_modules_next_dist_1e8vcs8._.js:776
[  376974ms] [LOG] [Fast Refresh] done in 262ms @ http://localhost:3001/_next/static/chunks/node_modules_next_dist_1e8vcs8._.js:776
[  399592ms] [LOG] [Fast Refresh] rebuilding @ http://localhost:3001/_next/static/chunks/node_modules_next_dist_1e8vcs8._.js:776
[  399832ms] [ERROR] ./src/components/exhibition/FutureHorizon.tsx:243:1
Error: Unexpected token. Did you mean `{'}'}` or `&rbrace;`?
  241 |     </motion.section>
  242 |   );
> 243 | }
      | ^
  244 |

Parsing ecmascript source code failed

Import traces:
  Client Component Browser:
    ./src/components/exhibition/FutureHorizon.tsx [Client Component Browser]
    ./src/components/exhibition/Exhibition.tsx [Client Component Browser]
    ./src/components/exhibition/Exhibition.tsx [Server Component]
    ./src/app/page.tsx [Server Component]

  Client Component SSR:
    ./src/components/exhibition/FutureHorizon.tsx [Client Component SSR]
    ./src/components/exhibition/Exhibition.tsx [Client Component SSR]
    ./src/components/exhibition/Exhibition.tsx [Server Component]
    ./src/app/page.tsx [Server Component] @ http://localhost:3001/_next/static/chunks/node_modules_next_dist_1e8vcs8._.js:1052
[  400150ms] [ERROR] ./src/components/exhibition/FutureHorizon.tsx:243:1
Error: Unexpected token. Did you mean `{'}'}` or `&rbrace;`?
  241 |     </motion.section>
  242 |   );
> 243 | }
      | ^
  244 |

Parsing ecmascript source code failed

Import traces:
  Client Component Browser:
    ./src/components/exhibition/FutureHorizon.tsx [Client Component Browser]
    ./src/components/exhibition/Exhibition.tsx [Client Component Browser]
    ./src/components/exhibition/Exhibition.tsx [Server Component]
    ./src/app/page.tsx [Server Component]

  Client Component SSR:
    ./src/components/exhibition/FutureHorizon.tsx [Client Component SSR]
    ./src/components/exhibition/Exhibition.tsx [Client Component SSR]
    ./src/components/exhibition/Exhibition.tsx [Server Component]
    ./src/app/page.tsx [Server Component] @ http://localhost:3001/_next/static/chunks/node_modules_next_dist_1e8vcs8._.js:1052
[  417179ms] [LOG] [Fast Refresh] rebuilding @ http://localhost:3001/_next/static/chunks/node_modules_next_dist_1e8vcs8._.js:776
[  417418ms] [LOG] [Fast Refresh] done in 289ms @ http://localhost:3001/_next/static/chunks/node_modules_next_dist_1e8vcs8._.js:776
[  417552ms] [LOG] [Fast Refresh] done in 289ms @ http://localhost:3001/_next/static/chunks/node_modules_next_dist_1e8vcs8._.js:776
[  755017ms] [LOG] [Fast Refresh] rebuilding @ http://localhost:3001/_next/static/chunks/node_modules_next_dist_1e8vcs8._.js:776
[  757447ms] [LOG] [Fast Refresh] done in 2414ms @ http://localhost:3001/_next/static/chunks/node_modules_next_dist_1e8vcs8._.js:776
[  758584ms] [LOG] [Fast Refresh] done in 2414ms @ http://localhost:3001/_next/static/chunks/node_modules_next_dist_1e8vcs8._.js:776
[  762807ms] [LOG] [Fast Refresh] rebuilding @ http://localhost:3001/_next/static/chunks/node_modules_next_dist_1e8vcs8._.js:776
[  763260ms] [LOG] [Fast Refresh] done in 226ms @ http://localhost:3001/_next/static/chunks/node_modules_next_dist_1e8vcs8._.js:776
[  770046ms] [LOG] [Fast Refresh] rebuilding @ http://localhost:3001/_next/static/chunks/node_modules_next_dist_1e8vcs8._.js:776
[  770235ms] [LOG] [Fast Refresh] done in 42ms @ http://localhost:3001/_next/static/chunks/node_modules_next_dist_1e8vcs8._.js:776
[  770241ms] [LOG] [Fast Refresh] done in 42ms @ http://localhost:3001/_next/static/chunks/node_modules_next_dist_1e8vcs8._.js:776
[  786268ms] [LOG] [Fast Refresh] done in 42ms @ http://localhost:3001/_next/static/chunks/node_modules_next_dist_1e8vcs8._.js:776
[  807879ms] [LOG] [Fast Refresh] rebuilding @ http://localhost:3001/_next/static/chunks/node_modules_next_dist_1e8vcs8._.js:776
[  808011ms] [LOG] [Fast Refresh] done in 138ms @ http://localhost:3001/_next/static/chunks/node_modules_next_dist_1e8vcs8._.js:776
[  808065ms] [LOG] [Fast Refresh] done in 138ms @ http://localhost:3001/_next/static/chunks/node_modules_next_dist_1e8vcs8._.js:776
[  818862ms] [LOG] [Fast Refresh] rebuilding @ http://localhost:3001/_next/static/chunks/node_modules_next_dist_1e8vcs8._.js:776
[  819182ms] [LOG] [Fast Refresh] done in 309ms @ http://localhost:3001/_next/static/chunks/node_modules_next_dist_1e8vcs8._.js:776
[  831096ms] [LOG] [Fast Refresh] done in 309ms @ http://localhost:3001/_next/static/chunks/node_modules_next_dist_1e8vcs8._.js:776
[  867180ms] [LOG] [Fast Refresh] rebuilding @ http://localhost:3001/_next/static/chunks/node_modules_next_dist_1e8vcs8._.js:776
[  867287ms] [LOG] [Fast Refresh] done in 57ms @ http://localhost:3001/_next/static/chunks/node_modules_next_dist_1e8vcs8._.js:776
[  867316ms] [LOG] [Fast Refresh] done in 57ms @ http://localhost:3001/_next/static/chunks/node_modules_next_dist_1e8vcs8._.js:776
[ 1038263ms] [LOG] [Fast Refresh] rebuilding @ http://localhost:3001/_next/static/chunks/node_modules_next_dist_1e8vcs8._.js:776
[ 1038441ms] [LOG] [Fast Refresh] done in 48ms @ http://localhost:3001/_next/static/chunks/node_modules_next_dist_1e8vcs8._.js:776
[ 1038467ms] [LOG] [Fast Refresh] done in 48ms @ http://localhost:3001/_next/static/chunks/node_modules_next_dist_1e8vcs8._.js:776
[ 1047451ms] [LOG] [Fast Refresh] rebuilding @ http://localhost:3001/_next/static/chunks/node_modules_next_dist_1e8vcs8._.js:776
[ 1047785ms] [LOG] [Fast Refresh] done in 443ms @ http://localhost:3001/_next/static/chunks/node_modules_next_dist_1e8vcs8._.js:776
[ 1056612ms] [LOG] [Fast Refresh] rebuilding @ http://localhost:3001/_next/static/chunks/node_modules_next_dist_1e8vcs8._.js:776
[ 1056881ms] [LOG] [Fast Refresh] done in 91ms @ http://localhost:3001/_next/static/chunks/node_modules_next_dist_1e8vcs8._.js:776
[ 1056886ms] [LOG] [Fast Refresh] done in 91ms @ http://localhost:3001/_next/static/chunks/node_modules_next_dist_1e8vcs8._.js:776
[ 1056997ms] [LOG] [Fast Refresh] rebuilding @ http://localhost:3001/_next/static/chunks/node_modules_next_dist_1e8vcs8._.js:776
[ 1057694ms] [LOG] [Fast Refresh] done in 638ms @ http://localhost:3001/_next/static/chunks/node_modules_next_dist_1e8vcs8._.js:776
[ 1082018ms] [LOG] [Fast Refresh] rebuilding @ http://localhost:3001/_next/static/chunks/node_modules_next_dist_1e8vcs8._.js:776
[ 1084128ms] [LOG] [Fast Refresh] done in 2074ms @ http://localhost:3001/_next/static/chunks/node_modules_next_dist_1e8vcs8._.js:776
[ 1091692ms] [LOG] [Fast Refresh] rebuilding @ http://localhost:3001/_next/static/chunks/node_modules_next_dist_1e8vcs8._.js:776
[ 1091916ms] [LOG] [Fast Refresh] done in 209ms @ http://localhost:3001/_next/static/chunks/node_modules_next_dist_1e8vcs8._.js:776
[ 1091976ms] [LOG] [Fast Refresh] done in 209ms @ http://localhost:3001/_next/static/chunks/node_modules_next_dist_1e8vcs8._.js:776
