[    4630ms] [ERROR] Failed to load resource: the server responded with a status of 500 (Internal Server Error) @ http://localhost:3001/:0
[    5204ms] [INFO] %cDownload the React DevTools for a better development experience: https://react.dev/link/react-devtools font-weight:bold @ http://localhost:3001/_next/static/chunks/node_modules_react-dom_0kla17-._.js:15093
[    5548ms] Error: ./src/components/exhibition/ChapterSection.tsx:141:7
Error: Expected corresponding JSX closing tag for <motion.section>
  139 |         </div>
  140 |       </motion.div>
> 141 |     </section>
      |       ^^^^^^^
  142 |   );
  143 | }
  144 |

Parsing ecmascript source code failed

Import traces:
  Client Component Browser:
    ./src/components/exhibition/ChapterSection.tsx [Client Component Browser]
    ./src/components/exhibition/Exhibition.tsx [Client Component Browser]
    ./src/components/exhibition/Exhibition.tsx [Server Component]
    ./src/app/page.tsx [Server Component]

  Client Component SSR:
    ./src/components/exhibition/ChapterSection.tsx [Client Component SSR]
    ./src/components/exhibition/Exhibition.tsx [Client Component SSR]
    ./src/components/exhibition/Exhibition.tsx [Server Component]
    ./src/app/page.tsx [Server Component]


    at <unknown> (Error: ./src/components/exhibition/ChapterSection.tsx:141:7)
    at Object.getCompilationErrors (file:///home/ubuntu/bio/node_modules/next/dist/server/dev/hot-reloader-turbopack.js:1410:59)
    at DevBundlerService.getCompilationError (file:///home/ubuntu/bio/node_modules/next/dist/server/lib/dev-bundler-service.js:59:55)
    at DevServer.getCompilationError (file:///home/ubuntu/bio/node_modules/next/dist/server/dev/next-dev-server.js:754:42)
    at DevServer.findPageComponents (file:///home/ubuntu/bio/node_modules/next/dist/server/dev/next-dev-server.js:724:43)
    at async DevServer.renderErrorToResponseImpl (file:///home/ubuntu/bio/node_modules/next/dist/server/base-server.js:1828:26)
[    5358ms] [LOG] [HMR] connected @ http://localhost:3001/_next/static/chunks/node_modules_next_dist_1gdrd03._.js:756
[    5728ms] [ERROR] ./src/components/exhibition/ChapterSection.tsx:141:7
Error: Expected corresponding JSX closing tag for <motion.section>
  139 |         </div>
  140 |       </motion.div>
> 141 |     </section>
      |       ^^^^^^^
  142 |   );
  143 | }
  144 |

Parsing ecmascript source code failed

Import traces:
  Client Component Browser:
    ./src/components/exhibition/ChapterSection.tsx [Client Component Browser]
    ./src/components/exhibition/Exhibition.tsx [Client Component Browser]
    ./src/components/exhibition/Exhibition.tsx [Server Component]
    ./src/app/page.tsx [Server Component]

  Client Component SSR:
    ./src/components/exhibition/ChapterSection.tsx [Client Component SSR]
    ./src/components/exhibition/Exhibition.tsx [Client Component SSR]
    ./src/components/exhibition/Exhibition.tsx [Server Component]
    ./src/app/page.tsx [Server Component] @ http://localhost:3001/_next/static/chunks/node_modules_next_dist_1gdrd03._.js:1817
[    5729ms] [ERROR] ./src/components/exhibition/Prologue.tsx:165:7
Error: Expected corresponding JSX closing tag for <motion.section>
  163 |         />
  164 |       </motion.div>
> 165 |     </section>
      |       ^^^^^^^
  166 |   );
  167 | }
  168 |

Parsing ecmascript source code failed

Import traces:
  Client Component Browser:
    ./src/components/exhibition/Prologue.tsx [Client Component Browser]
    ./src/components/exhibition/Exhibition.tsx [Client Component Browser]
    ./src/components/exhibition/Exhibition.tsx [Server Component]
    ./src/app/page.tsx [Server Component]

  Client Component SSR:
    ./src/components/exhibition/Prologue.tsx [Client Component SSR]
    ./src/components/exhibition/Exhibition.tsx [Client Component SSR]
    ./src/components/exhibition/Exhibition.tsx [Server Component]
    ./src/app/page.tsx [Server Component] @ http://localhost:3001/_next/static/chunks/node_modules_next_dist_1gdrd03._.js:1817
[    5780ms] [ERROR] ./src/components/exhibition/ChapterSection.tsx:141:7
Error: Expected corresponding JSX closing tag for <motion.section>
  139 |         </div>
  140 |       </motion.div>
> 141 |     </section>
      |       ^^^^^^^
  142 |   );
  143 | }
  144 |

Parsing ecmascript source code failed

Import traces:
  Client Component Browser:
    ./src/components/exhibition/ChapterSection.tsx [Client Component Browser]
    ./src/components/exhibition/Exhibition.tsx [Client Component Browser]
    ./src/components/exhibition/Exhibition.tsx [Server Component]
    ./src/app/page.tsx [Server Component]

  Client Component SSR:
    ./src/components/exhibition/ChapterSection.tsx [Client Component SSR]
    ./src/components/exhibition/Exhibition.tsx [Client Component SSR]
    ./src/components/exhibition/Exhibition.tsx [Server Component]
    ./src/app/page.tsx [Server Component] @ http://localhost:3001/_next/static/chunks/node_modules_next_dist_1gdrd03._.js:1817
[    5781ms] [ERROR] ./src/components/exhibition/Prologue.tsx:165:7
Error: Expected corresponding JSX closing tag for <motion.section>
  163 |         />
  164 |       </motion.div>
> 165 |     </section>
      |       ^^^^^^^
  166 |   );
  167 | }
  168 |

Parsing ecmascript source code failed

Import traces:
  Client Component Browser:
    ./src/components/exhibition/Prologue.tsx [Client Component Browser]
    ./src/components/exhibition/Exhibition.tsx [Client Component Browser]
    ./src/components/exhibition/Exhibition.tsx [Server Component]
    ./src/app/page.tsx [Server Component]

  Client Component SSR:
    ./src/components/exhibition/Prologue.tsx [Client Component SSR]
    ./src/components/exhibition/Exhibition.tsx [Client Component SSR]
    ./src/components/exhibition/Exhibition.tsx [Server Component]
    ./src/app/page.tsx [Server Component] @ http://localhost:3001/_next/static/chunks/node_modules_next_dist_1gdrd03._.js:1817
[    5782ms] [LOG] [Fast Refresh] rebuilding @ http://localhost:3001/_next/static/chunks/node_modules_next_dist_1gdrd03._.js:756
[    5815ms] [ERROR] ./src/components/exhibition/ChapterSection.tsx:141:7
Error: Expected corresponding JSX closing tag for <motion.section>
  139 |         </div>
  140 |       </motion.div>
> 141 |     </section>
      |       ^^^^^^^
  142 |   );
  143 | }
  144 |

Parsing ecmascript source code failed

Import traces:
  Client Component Browser:
    ./src/components/exhibition/ChapterSection.tsx [Client Component Browser]
    ./src/components/exhibition/Exhibition.tsx [Client Component Browser]
    ./src/components/exhibition/Exhibition.tsx [Server Component]
    ./src/app/page.tsx [Server Component]

  Client Component SSR:
    ./src/components/exhibition/ChapterSection.tsx [Client Component SSR]
    ./src/components/exhibition/Exhibition.tsx [Client Component SSR]
    ./src/components/exhibition/Exhibition.tsx [Server Component]
    ./src/app/page.tsx [Server Component] @ http://localhost:3001/_next/static/chunks/node_modules_next_dist_1gdrd03._.js:1817
[    5815ms] [ERROR] ./src/components/exhibition/Prologue.tsx:165:7
Error: Expected corresponding JSX closing tag for <motion.section>
  163 |         />
  164 |       </motion.div>
> 165 |     </section>
      |       ^^^^^^^
  166 |   );
  167 | }
  168 |

Parsing ecmascript source code failed

Import traces:
  Client Component Browser:
    ./src/components/exhibition/Prologue.tsx [Client Component Browser]
    ./src/components/exhibition/Exhibition.tsx [Client Component Browser]
    ./src/components/exhibition/Exhibition.tsx [Server Component]
    ./src/app/page.tsx [Server Component]

  Client Component SSR:
    ./src/components/exhibition/Prologue.tsx [Client Component SSR]
    ./src/components/exhibition/Exhibition.tsx [Client Component SSR]
    ./src/components/exhibition/Exhibition.tsx [Server Component]
    ./src/app/page.tsx [Server Component] @ http://localhost:3001/_next/static/chunks/node_modules_next_dist_1gdrd03._.js:1817
[    5939ms] [ERROR] ./src/components/exhibition/ChapterSection.tsx:141:7
Error: Expected corresponding JSX closing tag for <motion.section>
  139 |         </div>
  140 |       </motion.div>
> 141 |     </section>
      |       ^^^^^^^
  142 |   );
  143 | }
  144 |

Parsing ecmascript source code failed

Import traces:
  Client Component Browser:
    ./src/components/exhibition/ChapterSection.tsx [Client Component Browser]
    ./src/components/exhibition/Exhibition.tsx [Client Component Browser]
    ./src/components/exhibition/Exhibition.tsx [Server Component]
    ./src/app/page.tsx [Server Component]

  Client Component SSR:
    ./src/components/exhibition/ChapterSection.tsx [Client Component SSR]
    ./src/components/exhibition/Exhibition.tsx [Client Component SSR]
    ./src/components/exhibition/Exhibition.tsx [Server Component]
    ./src/app/page.tsx [Server Component] @ http://localhost:3001/_next/static/chunks/node_modules_next_dist_1gdrd03._.js:1817
[    5940ms] [ERROR] ./src/components/exhibition/Prologue.tsx:165:7
Error: Expected corresponding JSX closing tag for <motion.section>
  163 |         />
  164 |       </motion.div>
> 165 |     </section>
      |       ^^^^^^^
  166 |   );
  167 | }
  168 |

Parsing ecmascript source code failed

Import traces:
  Client Component Browser:
    ./src/components/exhibition/Prologue.tsx [Client Component Browser]
    ./src/components/exhibition/Exhibition.tsx [Client Component Browser]
    ./src/components/exhibition/Exhibition.tsx [Server Component]
    ./src/app/page.tsx [Server Component]

  Client Component SSR:
    ./src/components/exhibition/Prologue.tsx [Client Component SSR]
    ./src/components/exhibition/Exhibition.tsx [Client Component SSR]
    ./src/components/exhibition/Exhibition.tsx [Server Component]
    ./src/app/page.tsx [Server Component] @ http://localhost:3001/_next/static/chunks/node_modules_next_dist_1gdrd03._.js:1817
[    6235ms] [LOG] [Fast Refresh] rebuilding @ http://localhost:3001/_next/static/chunks/node_modules_next_dist_1gdrd03._.js:756
[    6246ms] [ERROR] ./src/components/exhibition/ChapterSection.tsx:141:7
Error: Expected corresponding JSX closing tag for <motion.section>
  139 |         </div>
  140 |       </motion.div>
> 141 |     </section>
      |       ^^^^^^^
  142 |   );
  143 | }
  144 |

Parsing ecmascript source code failed

Import traces:
  Client Component Browser:
    ./src/components/exhibition/ChapterSection.tsx [Client Component Browser]
    ./src/components/exhibition/Exhibition.tsx [Client Component Browser]
    ./src/components/exhibition/Exhibition.tsx [Server Component]
    ./src/app/page.tsx [Server Component]

  Client Component SSR:
    ./src/components/exhibition/ChapterSection.tsx [Client Component SSR]
    ./src/components/exhibition/Exhibition.tsx [Client Component SSR]
    ./src/components/exhibition/Exhibition.tsx [Server Component]
    ./src/app/page.tsx [Server Component] @ http://localhost:3001/_next/static/chunks/node_modules_next_dist_1gdrd03._.js:1817
[    6246ms] [ERROR] ./src/components/exhibition/Prologue.tsx:165:7
Error: Expected corresponding JSX closing tag for <motion.section>
  163 |         />
  164 |       </motion.div>
> 165 |     </section>
      |       ^^^^^^^
  166 |   );
  167 | }
  168 |

Parsing ecmascript source code failed

Import traces:
  Client Component Browser:
    ./src/components/exhibition/Prologue.tsx [Client Component Browser]
    ./src/components/exhibition/Exhibition.tsx [Client Component Browser]
    ./src/components/exhibition/Exhibition.tsx [Server Component]
    ./src/app/page.tsx [Server Component]

  Client Component SSR:
    ./src/components/exhibition/Prologue.tsx [Client Component SSR]
    ./src/components/exhibition/Exhibition.tsx [Client Component SSR]
    ./src/components/exhibition/Exhibition.tsx [Server Component]
    ./src/app/page.tsx [Server Component] @ http://localhost:3001/_next/static/chunks/node_modules_next_dist_1gdrd03._.js:1817
[   36715ms] [LOG] [Fast Refresh] rebuilding @ http://localhost:3001/_next/static/chunks/node_modules_next_dist_1gdrd03._.js:756
[   37088ms] [LOG] [Fast Refresh] done in 471ms @ http://localhost:3001/_next/static/chunks/node_modules_next_dist_1gdrd03._.js:756
[   37905ms] [LOG] [Fast Refresh] done in 471ms @ http://localhost:3001/_next/static/chunks/node_modules_next_dist_1gdrd03._.js:756
[   38850ms] [INFO] %cDownload the React DevTools for a better development experience: https://react.dev/link/react-devtools font-weight:bold @ http://localhost:3001/_next/static/chunks/node_modules_next_dist_1e8vcs8._.js:776
[   38979ms] [LOG] [HMR] connected @ http://localhost:3001/_next/static/chunks/node_modules_next_dist_1e8vcs8._.js:776
[   39197ms] [LOG] [Fast Refresh] rebuilding @ http://localhost:3001/_next/static/chunks/node_modules_next_dist_1e8vcs8._.js:776
[   40791ms] [LOG] [Fast Refresh] done in 1698ms @ http://localhost:3001/_next/static/chunks/node_modules_next_dist_1e8vcs8._.js:776
